┌───────────────────────────────────────┬───────────────────────────────────────┬──────────────────────────────────────┐
│               LANGUAGE                │                FORMAL                 │               INFORMAL               │
├───────────────────────────────────────┼───────────────────────────────────────┼──────────────────────────────────────┤
│ Chinese                               │ Nǐn hǎo                               │ Nǐ hǎo                               │
│ French                                │ Bonjour                               │ Salut                                │
│ Spanish                               │ Hola                                  │ ¿Qué tal?                            │
└───────────────────────────────────────┴───────────────────────────────────────┴──────────────────────────────────────┘