┌──────────┬─────────────────────────────────────────────────────┬─────────────────────────────────────────────────────┐
│ LANGUAGE │                       FORMAL                        │                      INFORMAL                       │
├──────────┼─────────────────────────────────────────────────────┼─────────────────────────────────────────────────────┤
│ English  │ Good morning, I truly hope that you are having a    │ Hey there, how is absolutely everything going for   │
│          │ wonderful and relaxing day so far                   │ you today?                                          │
│ French   │ Bonjour, j'espère sincèrement que vous passez une   │ Salut, comment se passe vraiment toute ta journée   │
│          │ journée merveilleuse et reposante                   │ jusqu'ici?                                          │
│ Spanish  │ Buenos días, espero de verdad que esté teniendo un  │ Hola, ¿cómo va absolutamente todo por aquí el día   │
│          │ día maravilloso y muy relajante                     │ de hoy?                                             │
└──────────┴─────────────────────────────────────────────────────┴─────────────────────────────────────────────────────┘