╭───────────┬───────────────────────────────────────┬───────┬─────────┬────────╮
│   Name    │              Description              │  Typ  │  Requi  │  Defa  │
├───────────┼───────────────────────────────────────┼───────┼─────────┼────────┤
│  command  │  A command to be executed inside th…  │  yes  │  hello  │  yep   │
╰───────────┴───────────────────────────────────────┴───────┴─────────┴────────╯