    Foo Document 
    The Foo Files
                 
│   Bar Document 
│   The Bar Files
                 
       Qux Document 
       The Qux Files
                    
   │   Quux Document 
   │   The Quux Files
                     
       Quuux Document 
       The Quuux Files
                      
    Baz Document 
    The Baz Files
                 