┌───┬────────────────┬──────────────┬──────────┐
│58 │Madrid          │Spain         │6,713,557 │
│59 │Haerbin         │China         │6,665,951 │
│60 │Toronto         │Canada        │6,312,974 │
│61 │Belo Horizonte  │Brazil        │6,194,292 │
│62 │Khartoum        │Sudan         │6,160,327 │
│63 │Johannesburg    │South Africa  │6,065,354 │
│64 │Singapore       │Singapore     │6,039,577 │
│65 │Dalian          │China         │5,930,140 │
│66 │Qingdao         │China         │5,865,232 │
│67 │Zhengzhou       │China         │5,690,312 │
│68 │Ji Nan Shandong │China         │5,663,015 │
│69 │Barcelona       │Spain         │5,658,472 │
│70 │Saint Petersburg│Russia        │5,535,556 │
│71 │Abidjan         │Ivory Coast   │5,515,790 │
│72 │Yangon          │Myanmar       │5,514,454 │
│73 │Fukuoka         │Japan         │5,502,591 │
│74 │Alexandria      │Egypt         │5,483,605 │
│75 │Guadalajara     │Mexico        │5,339,583 │
│76 │Ankara          │Turkey        │5,309,690 │
│77 │Chittagong      │Bangladesh    │5,252,842 │
│78 │Addis Ababa     │Ethiopia      │5,227,794 │
│79 │Melbourne       │Australia     │5,150,766 │
│80 │Nairobi         │Kenya         │5,118,844 │
│81 │Hanoi           │Vietnam       │5,067,352 │
│82 │Sydney          │Australia     │5,056,571 │
│83 │Monterrey       │Mexico        │5,036,535 │
│84 │Changsha        │China         │4,809,887 │
│85 │Brasilia        │Brazil        │4,803,877 │
│86 │Cape Town       │South Africa  │4,800,954 │
│87 │Jiddah          │Saudi Arabia  │4,780,740 │
│88 │Urumqi          │China         │4,710,203 │
│89 │Kunming         │China         │4,657,381 │
│90 │Changchun       │China         │4,616,002 │
│91 │Hefei           │China         │4,496,456 │
│92 │Shantou         │China         │4,490,411 │
│93 │Xinbei          │Taiwan        │4,470,672 │
│94 │Kabul           │Afghanistan   │4,457,882 │
│95 │Ningbo          │China         │4,405,292 │
│96 │Tel Aviv        │Israel        │4,343,584 │
│97 │Yaounde         │Cameroon      │4,336,670 │
│98 │Rome            │Italy         │4,297,877 │
│99 │Shijiazhuang    │China         │4,285,135 │
│100│Montreal        │Canada        │4,276,526 │
└───┴────────────────┴──────────────┴──────────┘