┌─────────┬────────────────┬───────────────────────────────┐
│Package  │Version         │Link                           │
├─────────┼────────────────┼───────────────────────────────┤
│sourcegit│0.19            │[38;2;49;187;113mhttps://aur.archlinux.org/packa[m│
│         │                │[38;2;49;187;113mges/sourcegit-bin[m              │
│Welcome  │いらっしゃいませ│مرحباً                          │
│Goodbye  │さようなら      │مع السلامة                     │
└─────────┴────────────────┴───────────────────────────────┘