╭─────────┬────────────────┬───────────────────────────────╮
│Package  │Version         │Link                           │
├─────────┼────────────────┼───────────────────────────────┤
│sourcegit│0.19            │[38;2;48;187;113mhttps://aur.archlinux.org/packa[0m│
│         │                │[38;2;48;187;113mges/sourcegit-bin[0m              │
│Welcome  │いらっしゃいませ│مرحباً                          │
│Goodbye  │さようなら      │مع السلامة                     │
╰─────────┴────────────────┴───────────────────────────────╯