[38;5;99m┌[m[38;5;99m──────────[m[38;5;99m┬[m[38;5;99m───────────────────────────────[m[38;5;99m┬[m[38;5;99m─────────────────[m[38;5;99m┐[m
[38;5;99m│[m LANGUAGE [38;5;99m│[m            FORMAL             [38;5;99m│[m    INFORMAL     [38;5;99m│[m
[38;5;99m├[m[38;5;99m──────────[m[38;5;99m┼[m[38;5;99m───────────────────────────────[m[38;5;99m┼[m[38;5;99m─────────────────[m[38;5;99m┤[m
[38;5;99m│[m Chinese  [38;5;99m│[m 您好                          [38;5;99m│[m 你好            [38;5;99m│[m
[38;5;99m│[m Japanese [38;5;99m│[m こんにちは                    [38;5;99m│[m やあ            [38;5;99m│[m
[38;5;99m│[m Russian  [38;5;99m│[m Здравствуйте                  [38;5;99m│[m Привет          [38;5;99m│[m
[38;5;99m│[m Spanish  [38;5;99m│[m Hola                          [38;5;99m│[m ¿Qué tal?       [38;5;99m│[m
[38;5;99m│[m English  [38;5;99m│[m You look absolutely fabulous. [38;5;99m│[m How's it going? [38;5;99m│[m
[38;5;99m└[m[38;5;99m──────────[m[38;5;99m┴[m[38;5;99m───────────────────────────────[m[38;5;99m┴[m[38;5;99m─────────────────[m[38;5;99m┘[m