┌──────────────┬──────────────┬──────────────┐
│              │              │              │
│              │              │              │
│  Looong Na…  │  Looong Co…  │  Looong Du…  │
│              │              │              │
│              │              │              │
├──────────────┼──────────────┼──────────────┤
│              │              │              │
│              │              │              │
│  Chocolate   │  UK          │  Yes         │
│  Digestives  │              │              │
│              │              │              │
│              │              │              │
│              │              │              │
│              │              │              │
│  Tim Tams    │  Australia   │  No          │
│              │              │              │
│              │              │              │
│              │              │              │
│              │              │              │
│  Hobnobs     │  UK          │  Yes         │
│              │              │              │
│              │              │              │
└──────────────┴──────────────┴──────────────┘