┌───┬────────────────┬──────────────┬──────────┐
│81 │Hanoi           │Vietnam       │5,067,352 │
│82 │Sydney          │Australia     │5,056,571 │
│83 │Monterrey       │Mexico        │5,036,535 │
│84 │Changsha        │China         │4,809,887 │
│85 │Brasilia        │Brazil        │4,803,877 │
│86 │Cape Town       │South Africa  │4,800,954 │
│87 │Jiddah          │Saudi Arabia  │4,780,740 │
│88 │Urumqi          │China         │4,710,203 │
│89 │Kunming         │China         │4,657,381 │
│90 │Changchun       │China         │4,616,002 │
│91 │Hefei           │China         │4,496,456 │
│92 │Shantou         │China         │4,490,411 │
│93 │Xinbei          │Taiwan        │4,470,672 │
│94 │Kabul           │Afghanistan   │4,457,882 │
│95 │Ningbo          │China         │4,405,292 │
│96 │Tel Aviv        │Israel        │4,343,584 │
│97 │Yaounde         │Cameroon      │4,336,670 │
│98 │Rome            │Italy         │4,297,877 │
│99 │Shijiazhuang    │China         │4,285,135 │
│100│Montreal        │Canada        │4,276,526 │
└───┴────────────────┴──────────────┴──────────┘