┌──────────┬───────────────────────────────┬─────────────────┐
│ LANGUAGE │            FORMAL             │    INFORMAL     │
├──────────┼───────────────────────────────┼─────────────────┤
│ Chinese  │ 您好                          │ 你好            │
│ Japanese │ こんにちは                    │ やあ            │
│ Russian  │ Здравствуйте                  │ Привет          │
│ Spanish  │ Hola                          │ ¿Qué tal?       │
│ English  │ You look absolutely fabulous. │ How's it going? │
└──────────┴───────────────────────────────┴─────────────────┘