┌────────────────────────┬─────────────────────┬─────────────┐
│                        │                     │             │
│                        │                     │             │
│  Name                  │  Country of Origin  │  Dunk-able  │
│                        │                     │             │
│                        │                     │             │
├────────────────────────┼─────────────────────┼─────────────┤
│                        │                     │             │
│                        │                     │             │
│  Chocolate Digestives  │  UK                 │  Yes        │
│                        │                     │             │
│                        │                     │             │
│                        │                     │             │
│                        │                     │             │
│  Tim Tams              │  Australia          │  No         │
│                        │                     │             │
│                        │                     │             │
│                        │                     │             │
│                        │                     │             │
│  Hobnobs               │  UK                 │  Yes        │
│                        │                     │             │
│                        │                     │             │
└────────────────────────┴─────────────────────┴─────────────┘