┌───────────┬────────┬──────┐
│   Fruit   │ Color  │ [31mC[0m[32mo[0m[34md[0m[33me[0m │
├───────────┼────────┼──────┤
│ Apple     │ Red    │ [31m31[0m   │
│ Lime      │ Green  │ [32m32[0m   │
│ Banana    │ Yellow │ [33m33[0m   │
│ Blueberry │ Blue   │ [34m34[0m   │
└───────────┴────────┴──────┘