┌────┬────────────┬──────────┬──────────┐
│Rank│City        │Country   │Population│
├────┼────────────┼──────────┼──────────┤
│1   │Tokyo       │Japan     │37,274,000│
├────┼────────────┼──────────┼──────────┤
│2   │Delhi       │India     │32,065,760│
├────┼────────────┼──────────┼──────────┤
│3   │Shanghai    │China     │28,516,904│
├────┼────────────┼──────────┼──────────┤
│4   │Dhaka       │Bangladesh│22,478,116│
├────┼────────────┼──────────┼──────────┤
│5   │São Paulo   │Brazil    │22,429,800│
├────┼────────────┼──────────┼──────────┤
│…   │…           │…         │…         │
└────┴────────────┴──────────┴──────────┘