┌──────────┬──────────────┬───────────┐
│ LANGUAGE │    FORMAL    │ INFORMAL  │
├──────────┼──────────────┼───────────┤
│  Chinese │      Nǐn hǎo │    Nǐ hǎo │
│   French │      Bonjour │     Salut │
│ Japanese │   こんにちは │      やあ │
│  Russian │ Zdravstvuyte │    Privet │
│  Spanish │         Hola │ ¿Qué tal? │
└──────────┴──────────────┴───────────┘