┌────────────────────────────┐
│ LANGUA…   FORMAL   INFORM… │
├────────────────────────────┤
│ Chinese  Nǐn hǎo   Nǐ hǎo  │
│ French   Bonjour   Salut   │
│ Japanes  こんにち  やあ    │
│ e        は                │
│ Russian  Zdravstv  Privet  │
│          uyte              │
│ Spanish  Hola      ¿Qué    │
│                    tal?    │
└────────────────────────────┘