╭──────────────┬───────────────┬───────────────┬───────────────┬───────────────╮
│    Hello     │    你好       │    مرحبًا      │    안녕하…    │               │
├──────────────┼───────────────┼───────────────┼───────────────┼───────────────┤
│    Lorem     │    耐許ヱ     │    شيء قد     │    版応道     │    각급       │
│    ipsum     │    ヨカハ     │    للحكومة    │    潟部中     │    선거관     │
│    dolor     │    調出あ     │    والكوري    │    幕爆営     │    리위원     │
│    sit       │    ゆ監件     │    الأوروب    │    報門案     │    회의       │
│    amet,     │    び理別     │    يّون,       │    名見壌     │    조직·직    │
│    region    │    よン國     │    بوابة      │    府。博     │    무범위     │
│    e         │    給災レ     │    تعديل      │    健必権     │    기타       │
│    detrac    │    ホチ権     │    واعتلاء    │    次覧編     │    필요한     │
│    to eos    │    輝モエ     │    ضرب بـ.    │    仕断青     │    사항은     │
│    an.       │    フ会割     │    إذ أسر     │    場内凄     │    법률로     │
│    Has ei    │    もフ響3    │    اتّجة       │    新東深     │    정한다.    │
│    quidam    │    現エツ     │    اعلان,     │    簿代供     │    임시회     │
│    hendre    │    文時し     │    ٣٠         │    供。守     │    의         │
│    rit       │    だびほ     │    اكتوبر     │    聞書神     │    회기는     │
│    intell    │    経機ム     │    العصبة     │    秀同浜     │    30일을     │
│    egebat    │    イメフ     │    استمرار    │    東波恋     │    초과할     │
│    , id      │    敗文ヨ     │    ومن.       │    闘秀。     │    수         │
│    tamqua    │    ク現義     │    أفاق       │    未格打     │    없다.      │
│    m         │    なさド     │    للسيطرة    │    好作器     │    국가는     │
│    iudica    │    請情ゆ     │    التاريخ    │    来利阪     │    여자의     │
│    bit       │    じょて     │    ، مع       │    持西焦     │    복지와     │
│    necess    │    憶主管     │    بحث, كلّ    │    朝三女     │    권익의     │
│    itatib    │    州けで     │    اتّجة       │    。権幽     │    향상을     │
│    us        │    ふく。     │    القوى      │    問季負     │    위하여     │
│    ius,      │    排ゃわ     │    مع.        │    娘購合     │    노력하     │
│    at        │    つげ美     │    فبعد       │    旧資健     │    여야       │
│    errem     │    刊ヱミ     │    ايطاليا    │    載員式     │    한다.      │
│    offici    │    出見ツ     │    ، تم       │    活陸。     │    국군의     │
│    is        │    南者オ     │    حتى,       │    未倍校     │    조직과     │
│    hendre    │    抜豆ハ     │    لكل تم     │    朝遺続     │    편성은     │
│    rit       │    トロネ     │    جسيمة      │    術吉迎     │    법률로     │
│    mei.      │    論索モ     │    الإحتفا    │    暮広知     │    정한다.    │
│    Exerci    │    ネニイ     │    ظ          │    角亡志     │               │
│    noster    │    任償ス     │    وباستثن    │    不説空     │               │
│    at        │    ヲ話破     │    اء, عل     │    住。法     │               │
│    has,      │    リヤヨ     │    فرنسا      │    省当死     │               │
│    sit id    │    秒止口     │    وانتهاءً    │    年勝絡     │               │
│    tota      │    イセソ     │    الإقتصا    │    聞方北     │               │
│    conven    │    ス止央     │    دية        │    投健。     │               │
│    ire,      │    のさ食     │    عرض.       │    室分性     │               │
│    vel ex    │    周健で     │    ونتج       │    山天態     │               │
│    rebum     │    てつだ     │    دأبوا      │    意画詳     │               │
│    incide    │    官送ト     │    إحكام      │    知浅方     │               │
│    rint      │    読聴遊     │    بال إذ.    │    裁。変     │               │
│    libera    │    容ひる     │    لغات       │    激伝阜     │               │
│    visse.    │    べ。際     │    عملية      │    中野品     │               │
│    Quaequ    │    ぐドら     │    وتم مع,    │    省載嗅     │               │
│    e         │    づ市居     │    وصل        │    闘額端     │               │
│    delect    │    ネムヤ     │    بداية      │    反。中     │               │
│    us        │    研校35     │    وبغطاء     │    必台際     │               │
│    corrum    │    岩6繹ご    │    البرية     │    造事寄     │               │
│    pit cu    │    わク報     │    بل, أي     │    民経能     │               │
│    cum.      │    拐イ革     │    قررت       │    前作臓     │               │
│              │    深52球     │    بلاده      │               │               │
│              │    ゃレス     │    فكانت      │               │               │
│              │    ご究東     │    حدى        │               │               │
│              │    スラ衝3    │               │               │               │
│              │    間ラ録     │               │               │               │
│              │    占たス     │               │               │               │
│              │    。         │               │               │               │
│              │    禁にン     │               │               │               │
│              │    ご忘康     │               │               │               │
│              │    ざほぎ     │               │               │               │
│              │    ル騰般     │               │               │               │
│              │    ねど事     │               │               │               │
│              │    超スん     │               │               │               │
│              │    いう真     │               │               │               │
│              │    表何カ     │               │               │               │
│              │    モ自浩     │               │               │               │
│              │    ヲシミ     │               │               │               │
│              │    図客線     │               │               │               │
│              │    るふ静     │               │               │               │
│              │    王ぱー     │               │               │               │
│              │    ま写村     │               │               │               │
│              │    月掛焼     │               │               │               │
│              │    詐面ぞ     │               │               │               │
│              │    ゃ。昇     │               │               │               │
│              │    強ごン     │               │               │               │
│              │    トほ価     │               │               │               │
│              │    保キ族8    │               │               │               │
│              │    5岡モテ    │               │               │               │
│              │    恋困ひ     │               │               │               │
│              │    りこな     │               │               │               │
│              │    刊並せ     │               │               │               │
│              │    ご出来     │               │               │               │
│              │    ぼぎむ     │               │               │               │
│              │    う点目     │               │               │               │
│              │    ヲウ止     │               │               │               │
│              │    環公ニ     │               │               │               │
│              │    レ事応     │               │               │               │
│              │    タス必     │               │               │               │
│              │    書タメ     │               │               │               │
│              │    ムノ当8    │               │               │               │
│              │    4無信升    │               │               │               │
│              │    ちひょ     │               │               │               │
│              │    。価ー     │               │               │               │
│              │    ぐ中客     │               │               │               │
│              │    テサ告     │               │               │               │
│              │    覧ヨト     │               │               │               │
│              │    ハ極整     │               │               │               │
│              │    ラ得95     │               │               │               │
│              │    稿はか     │               │               │               │
│              │    ラせ江     │               │               │               │
│              │    利ス宏     │               │               │               │
│              │    丸霊ミ     │               │               │               │
│              │    考整ス     │               │               │               │
│              │    静将ず     │               │               │               │
│              │    業巨職     │               │               │               │
│              │    ノラホ     │               │               │               │
│              │    収嗅ざ     │               │               │               │
│              │    な。       │               │               │               │
╰──────────────┴───────────────┴───────────────┴───────────────┴───────────────╯