┌──────────────┬──────────────┬──────────────┬──────────────────┬──────────────┐
│    Hello     │    你好      │    مرحبًا     │    안녕하세요    │              │
├──────────────┼──────────────┼──────────────┼──────────────────┼──────────────┤
│    Lorem     │    耐許ヱ    │    شيء قد    │    版応道潟部    │    각급      │
│    ipsum     │    ヨカハ    │    للحكوم    │    中幕爆営報    │    선거관    │
│    dolor     │    調出あ    │    ة         │    門案名見壌    │    리위원    │
│    sit       │    ゆ監件    │    والكور    │    府。博健必    │    회의      │
│    amet,     │    び理別    │    ي         │    権次覧編仕    │    조직·     │
│    region    │    よン國    │    الأورو    │    断青場内凄    │    직무범    │
│    e         │    給災レ    │    بيّون,     │    新東深簿代    │    위        │
│    detrac    │    ホチ権    │    بوابة     │    供供。守聞    │    기타      │
│    to eos    │    輝モエ    │    تعديل     │    書神秀同浜    │    필요한    │
│    an.       │    フ会割    │    واعتلا    │    東波恋闘秀    │    사항은    │
│    Has ei    │    もフ響    │    ء ضرب     │    。未格打好    │    법률로    │
│    quidam    │    3現エ     │    بـ. إذ    │    作器来利阪    │    정한다    │
│    hendre    │    ツ文時    │    أسر       │    持西焦朝三    │    .         │
│    rit       │    しだび    │    اتّجة      │    女。権幽問    │    임시회    │
│    intell    │    ほ経機    │    اعلان,    │    季負娘購合    │    의        │
│    egebat    │    ムイメ    │    ٣٠        │    旧資健載員    │    회기는    │
│    , id      │    フ敗文    │    اكتوبر    │    式活陸。未    │    30일을    │
│    tamqua    │    ヨク現    │    العصبة    │    倍校朝遺続    │    초과할    │
│    m         │    義なさ    │    استمرا    │    術吉迎暮広    │    수        │
│    iudica    │    ド請情    │    ر ومن.    │    知角亡志不    │    없다.     │
│    bit       │    ゆじょ    │    أفاق      │    説空住。法    │    국가는    │
│    necess    │    て憶主    │    للسيطر    │    省当死年勝    │    여자의    │
│    itatib    │    管州け    │    ة         │    絡聞方北投    │    복지와    │
│    us        │    でふく    │    التاري    │    健。室分性    │    권익의    │
│    ius,      │    。排ゃ    │    خ، مع     │    山天態意画    │    향상을    │
│    at        │    わつげ    │    بحث,      │    詳知浅方裁    │    위하여    │
│    errem     │    美刊ヱ    │    كلّ        │    。変激伝阜    │    노력하    │
│    offici    │    ミ出見    │    اتّجة      │    中野品省載    │    여야      │
│    is        │    ツ南者    │    القوى     │    嗅闘額端反    │    한다.     │
│    hendre    │    オ抜豆    │    مع.       │    。中必台際    │    국군의    │
│    rit       │    ハトロ    │    فبعد      │    造事寄民経    │    조직과    │
│    mei.      │    ネ論索    │    ايطالي    │    能前作臓      │    편성은    │
│    Exerci    │    モネニ    │    ا، تم     │                  │    법률로    │
│    noster    │    イ任償    │    حتى,      │                  │    정한다    │
│    at        │    スヲ話    │    لكل تم    │                  │    .         │
│    has,      │    破リヤ    │    جسيمة     │                  │              │
│    sit id    │    ヨ秒止    │    الإحتف    │                  │              │
│    tota      │    口イセ    │    اظ        │                  │              │
│    conven    │    ソス止    │    وباستث    │                  │              │
│    ire,      │    央のさ    │    ناء,      │                  │              │
│    vel ex    │    食周健    │    عل        │                  │              │
│    rebum     │    でてつ    │    فرنسا     │                  │              │
│    incide    │    だ官送    │    وانتها    │                  │              │
│    rint      │    ト読聴    │    ءً         │                  │              │
│    libera    │    遊容ひ    │    الإقتص    │                  │              │
│    visse.    │    るべ。    │    ادية      │                  │              │
│    Quaequ    │    際ぐド    │    عرض.      │                  │              │
│    e         │    らづ市    │    ونتج      │                  │              │
│    delect    │    居ネム    │    دأبوا     │                  │              │
│    us        │    ヤ研校    │    إحكام     │                  │              │
│    corrum    │    35岩6     │    بال       │                  │              │
│    pit cu    │    繹ごわ    │    إذ.       │                  │              │
│    cum.      │    ク報拐    │    لغات      │                  │              │
│              │    イ革深    │    عملية     │                  │              │
│              │    52球ゃ    │    وتم       │                  │              │
│              │    レスご    │    مع,       │                  │              │
│              │    究東ス    │    وصل       │                  │              │
│              │    ラ衝3     │    بداية     │                  │              │
│              │    間ラ録    │    وبغطاء    │                  │              │
│              │    占たス    │    البرية    │                  │              │
│              │    。        │    بل, أي    │                  │              │
│              │    禁にン    │    قررت      │                  │              │
│              │    ご忘康    │    بلاده     │                  │              │
│              │    ざほぎ    │    فكانت     │                  │              │
│              │    ル騰般    │    حدى       │                  │              │
│              │    ねど事    │              │                  │              │
│              │    超スん    │              │                  │              │
│              │    いう真    │              │                  │              │
│              │    表何カ    │              │                  │              │
│              │    モ自浩    │              │                  │              │
│              │    ヲシミ    │              │                  │              │
│              │    図客線    │              │                  │              │
│              │    るふ静    │              │                  │              │
│              │    王ぱー    │              │                  │              │
│              │    ま写村    │              │                  │              │
│              │    月掛焼    │              │                  │              │
│              │    詐面ぞ    │              │                  │              │
│              │    ゃ。昇    │              │                  │              │
│              │    強ごン    │              │                  │              │
│              │    トほ価    │              │                  │              │
│              │    保キ族    │              │                  │              │
│              │    85岡モ    │              │                  │              │
│              │    テ恋困    │              │                  │              │
│              │    ひりこ    │              │                  │              │
│              │    な刊並    │              │                  │              │
│              │    せご出    │              │                  │              │
│              │    来ぼぎ    │              │                  │              │
│              │    むう点    │              │                  │              │
│              │    目ヲウ    │              │                  │              │
│              │    止環公    │              │                  │              │
│              │    ニレ事    │              │                  │              │
│              │    応タス    │              │                  │              │
│              │    必書タ    │              │                  │              │
│              │    メムノ    │              │                  │              │
│              │    当84無    │              │                  │              │
│              │    信升ち    │              │                  │              │
│              │    ひょ。    │              │                  │              │
│              │    価ーぐ    │              │                  │              │
│              │    中客テ    │              │                  │              │
│              │    サ告覧    │              │                  │              │
│              │    ヨトハ    │              │                  │              │
│              │    極整ラ    │              │                  │              │
│              │    得95稿    │              │                  │              │
│              │    はかラ    │              │                  │              │
│              │    せ江利    │              │                  │              │
│              │    ス宏丸    │              │                  │              │
│              │    霊ミ考    │              │                  │              │
│              │    整ス静    │              │                  │              │
│              │    将ず業    │              │                  │              │
│              │    巨職ノ    │              │                  │              │
│              │    ラホ収    │              │                  │              │
│              │    嗅ざな    │              │                  │              │
│              │    。        │              │                  │              │
└──────────────┴──────────────┴──────────────┴──────────────────┴──────────────┘