╭───────────────────┬───────────────────────────────────────┬──────────────────╮
│    Destination    │    Why are you going on this trip…    │    Affordabi…    │
├───────────────────┼───────────────────────────────────────┼──────────────────┤
│    Mexico         │    I want to go somewhere hot,        │    $             │
│                   │    dry, and affordable. Mexico has    │                  │
│                   │    really good food, just don't       │                  │
│                   │    drink tap water!                   │                  │
│    New York       │    I'm thinking about going during    │    $$$           │
│                   │    the Christmas season to check      │                  │
│                   │    out Rockefeller center. Might      │                  │
│                   │    be cold though...                  │                  │
│    California     │                                       │    $$$           │
╰───────────────────┴───────────────────────────────────────┴──────────────────╯