┌────────┬──────────────────────────┬──────┬────────┬──────┐
│  Name  │       Description        │ Type │ Requi… │ Def… │
├────────┼──────────────────────────┼──────┼────────┼──────┤
│ …      │ …                        │ …    │ …      │ …    │
└────────┴──────────────────────────┴──────┴────────┴──────┘