┌────────┬──────────────────────────┬──────┬────────┬──────┐
│  Name  │       Description        │ Type │ Requi… │ Def… │
├────────┼──────────────────────────┼──────┼────────┼──────┤
│ first  │ So delightful up         │ yes  │ hello  │ yep  │
│        │ dissimilar by unreserved │      │        │      │
│        │ it connection            │      │        │      │
│        │ frequently. Do an high   │      │        │      │
│        │ room so in paid.         │      │        │      │
│ second │ Is education residence   │ yes  │ hello  │ yep  │
│        │ conveying so so. Suppose │      │        │      │
│        │ shyness say ten behaved  │      │        │      │
│        │ morning had. Any         │      │        │      │
│        │ unsatiable assistance    │      │        │      │
│        │ compliment occasional    │      │        │      │
│        │ too reasonably           │      │        │      │
│        │ advantages.              │      │        │      │
│ third  │ Indeed on people do      │ yes  │ hello  │ yep  │
│        │ merits to. Court heard   │      │        │      │
│        │ which up above hoped     │      │        │      │
│        │ grave do. Answer living  │      │        │      │
│        │ law things either sir    │      │        │      │
│        │ bed length. Looked       │      │        │      │
│        │ before we an on merely.  │      │        │      │
│ …      │ …                        │ …    │ …      │ …    │
└────────┴──────────────────────────┴──────┴────────┴──────┘