┌────────┬──────────────────────────┬──────┬────────┬──────┐
│  Name  │       Description        │ Type │ Requi… │ Def… │
├────────┼──────────────────────────┼──────┼────────┼──────┤
│ first  │ So delightful up         │ yes  │ hello  │ yep  │
│        │ dissimilar by unreserved │      │        │      │
│        │ it connection            │      │        │      │
│        │ frequently. Do an high   │      │        │      │
│        │ room so in paid.         │      │        │      │
│ …      │ …                        │ …    │ …      │ …    │
│        │                          │      │        │      │
│        │                          │      │        │      │
│        │                          │      │        │      │
│        │                          │      │        │      │
│        │                          │      │        │      │
└────────┴──────────────────────────┴──────┴────────┴──────┘