┌─────────────┬─────────────────────────────┬──────────────┐
│ Destination │ Why are you going on this … │ Affordabili… │
├─────────────┼─────────────────────────────┼──────────────┤
│ Mexico      │ I want to go somewhere hot, │ $            │
│             │ dry, and affordable. Mexico │              │
│             │ has really good food, just  │              │
│             │ don't drink tap water!      │              │
│ New York    │ I'm thinking about going    │ $$$          │
│             │ during the Christmas season │              │
│             │ to check out Rockefeller    │              │
│             │ center. Might be cold       │              │
│             │ though...                   │              │
│ California  │                             │ $$$          │
│ Florida     │ I want to go somewhere hot, │ $$           │
│             │ humid, and affordable.      │              │
│             │ Florida has really good     │              │
│             │ food, just don't go during  │              │
│             │ hurricane season!           │              │
│ Maine       │ I'm thinking about going    │ $$           │
│             │ during the summer to check  │              │
│             │ out Acadia National Park.   │              │
│             │ Might be cold though...     │              │
└─────────────┴─────────────────────────────┴──────────────┘