┌─────────────┬─────────────────────────────┬──────────────┐
│ Destination │ Why are you going on this … │ Affordabili… │
├─────────────┼─────────────────────────────┼──────────────┤
│ …           │ …                           │ …            │
└─────────────┴─────────────────────────────┴──────────────┘