╭─────────────┬──────────────────────────────┬─────┬─────────────┬─────────────╮
│Hello        │你好                          │مرحبًا│안녕하세요   │             │
├─────────────┼──────────────────────────────┼─────┼─────────────┼─────────────┤
│Lorem ipsum  │耐許ヱヨカハ調出あゆ監件び理別│شيء  │版応道潟部中 │각급         │
│dolor sit    │よン國給災レホチ権輝モエフ会割│قد   │幕爆営報門案 │선거관리위원 │
│amet, regione│もフ響3現エツ文時しだびほ経機 │للحكو│名見壌府。博 │회의         │
│detracto eos │ムイメフ敗文ヨク現義なさド請情│مة   │健必権次覧編 │조직·직무범위│
│an. Has ei   │ゆじょて憶主管州けでふく。排ゃ│والكو│仕断青場内凄 │기타 필요한  │
│quidam       │わつげ美刊ヱミ出見ツ南者オ抜豆│ري   │新東深簿代供 │사항은 법률로│
│hendrerit    │ハトロネ論索モネニイ任償スヲ話│الأور│供。守聞書神 │정한다.      │
│intellegebat,│破リヤヨ秒止口イセソス止央のさ│وبيّون│秀同浜東波恋 │임시회의     │
│id tamquam   │食周健でてつだ官送ト読聴遊容ひ│,    │闘秀。未格打 │회기는 30일을│
│iudicabit    │るべ。際ぐドらづ市居ネムヤ研校│بوابة│好作器来利阪 │초과할 수    │
│necessitatibu│35岩6繹ごわク報拐イ革深52球ゃ │تعديل│持西焦朝三女 │없다. 국가는 │
│s ius, at    │レスご究東スラ衝3間ラ録占たス │واعتل│。権幽問季負 │여자의 복지와│
│errem        │。                            │اء   │娘購合旧資健 │권익의 향상을│
│officiis     │禁にンご忘康ざほぎル騰般ねど事│ضرب  │載員式活陸。 │위하여       │
│hendrerit    │超スんいう真表何カモ自浩ヲシミ│بـ.  │未倍校朝遺続 │노력하여야   │
│mei. Exerci  │図客線るふ静王ぱーま写村月掛焼│إذ   │術吉迎暮広知 │한다. 국군의 │
│noster at    │詐面ぞゃ。昇強ごントほ価保キ族│أسر  │角亡志不説空 │조직과 편성은│
│has, sit id  │85岡モテ恋困ひりこな刊並せご出│اتّجة │住。法省当死 │법률로       │
│tota         │来ぼぎむう点目ヲウ止環公ニレ事│اعلان│年勝絡聞方北 │정한다.      │
│convenire,   │応タス必書タメムノ当84無信升ち│, ٣٠ │投健。室分性 │             │
│vel ex rebum │ひょ。価ーぐ中客テサ告覧ヨトハ│اكتوب│山天態意画詳 │             │
│inciderint   │極整ラ得95稿はかラせ江利ス宏丸│ر    │知浅方裁。変 │             │
│liberavisse. │霊ミ考整ス静将ず業巨職ノラホ収│العصب│激伝阜中野品 │             │
│Quaeque      │嗅ざな。                      │ة    │省載嗅闘額端 │             │
│delectus     │                              │استمر│反。中必台際 │             │
│corrumpit cu │                              │ار   │造事寄民経能 │             │
│cum.         │                              │ومن. │前作臓       │             │
│             │                              │أفاق │             │             │
│             │                              │للسيط│             │             │
│             │                              │رة   │             │             │
│             │                              │التار│             │             │
│             │                              │يخ،  │             │             │
│             │                              │مع   │             │             │
│             │                              │بحث, │             │             │
│             │                              │كلّ   │             │             │
│             │                              │اتّجة │             │             │
│             │                              │القوى│             │             │
│             │                              │مع.  │             │             │
│             │                              │فبعد │             │             │
│             │                              │ايطال│             │             │
│             │                              │يا،  │             │             │
│             │                              │تم   │             │             │
│             │                              │حتى, │             │             │
│             │                              │لكل  │             │             │
│             │                              │تم   │             │             │
│             │                              │جسيمة│             │             │
│             │                              │الإحت│             │             │
│             │                              │فاظ  │             │             │
│             │                              │وباست│             │             │
│             │                              │ثناء,│             │             │
│             │                              │عل   │             │             │
│             │                              │فرنسا│             │             │
│             │                              │وانته│             │             │
│             │                              │اءً   │             │             │
│             │                              │الإقت│             │             │
│             │                              │صادية│             │             │
│             │                              │عرض. │             │             │
│             │                              │ونتج │             │             │
│             │                              │دأبوا│             │             │
│             │                              │إحكام│             │             │
│             │                              │بال  │             │             │
│             │                              │إذ.  │             │             │
│             │                              │لغات │             │             │
│             │                              │عملية│             │             │
│             │                              │وتم  │             │             │
│             │                              │مع,  │             │             │
│             │                              │وصل  │             │             │
│             │                              │بداية│             │             │
│             │                              │وبغطا│             │             │
│             │                              │ء    │             │             │
│             │                              │البري│             │             │
│             │                              │ة بل,│             │             │
│             │                              │أي   │             │             │
│             │                              │قررت │             │             │
│             │                              │بلاده│             │             │
│             │                              │فكانت│             │             │
│             │                              │حدى  │             │             │
│             │                              │     │             │             │
╰─────────────┴──────────────────────────────┴─────┴─────────────┴─────────────╯