┌──────────┬──────────────┬───────────┐
│          │              │           │
│ LANGUAGE │    FORMAL    │ INFORMAL  │
│          │              │           │
├──────────┼──────────────┼───────────┤
│          │              │           │
│ Chinese  │ Nǐn hǎo      │ Nǐ hǎo    │
│          │              │           │
│          │              │           │
│ …        │ …            │ …         │
│          │              │           │
└──────────┴──────────────┴───────────┘